\BOOKMARK [1][-]{cover.1}{\376\377\134\001\000\040\227\142}{}% 1
\BOOKMARK [1][-]{title.1}{\376\377\150\007\000\040\230\230}{}% 2
\BOOKMARK [1][-]{section.1}{\376\377\0001\000\040\225\356\230\230\221\315\217\360}{}% 3
\BOOKMARK [2][-]{subsection.1.1}{\376\377\0001\000.\0001\000\040\225\356\230\230\200\314\146\157}{section.1}% 4
\BOOKMARK [2][-]{subsection.1.2}{\376\377\0001\000.\0002\000\040\135\362\167\345\147\141\116\366\116\016\145\160\143\156}{section.1}% 5
\BOOKMARK [2][-]{subsection.1.3}{\376\377\0001\000.\0003\000\040\137\205\154\102\166\356\150\007}{section.1}% 6
\BOOKMARK [2][-]{subsection.1.4}{\376\377\0001\000.\0004\000\040\133\371\230\230\227\142\151\202\137\365\166\204\157\204\156\005}{section.1}% 7
\BOOKMARK [1][-]{section.2}{\376\377\0002\000\040\225\356\230\230\122\006\147\220}{}% 8
\BOOKMARK [2][-]{subsection.2.1}{\376\377\0002\000.\0001\000\040\140\073\117\123\140\035\215\357}{section.2}% 9
\BOOKMARK [2][-]{subsection.2.2}{\376\377\0002\000.\0002\000\040\225\356\230\230\116\000\122\006\147\220}{section.2}% 10
\BOOKMARK [2][-]{subsection.2.3}{\376\377\0002\000.\0003\000\040\225\356\230\230\116\214\122\006\147\220}{section.2}% 11
\BOOKMARK [2][-]{subsection.2.4}{\376\377\0002\000.\0004\000\040\225\356\230\230\116\011\122\006\147\220}{section.2}% 12
\BOOKMARK [2][-]{subsection.2.5}{\376\377\0002\000.\0005\000\040\225\356\230\230\126\333\122\006\147\220}{section.2}% 13
\BOOKMARK [1][-]{section.3}{\376\377\0003\000\040\152\041\127\213\120\107\213\276\116\016\145\160\143\156\213\364\146\016}{}% 14
\BOOKMARK [2][-]{subsection.3.1}{\376\377\0003\000.\0001\000\040\152\041\127\213\120\107\213\276}{section.3}% 15
\BOOKMARK [2][-]{subsection.3.2}{\376\377\0003\000.\0002\000\040\145\160\143\156\147\145\156\220\122\006\176\247\116\016\133\214\145\164\140\047\213\364\146\016}{section.3}% 16
\BOOKMARK [3][-]{subsubsection.3.2.1}{\376\377\0003\000.\0002\000.\0001\000\040\147\145\156\220\122\006\176\247}{subsection.3.2}% 17
\BOOKMARK [3][-]{subsubsection.3.2.2}{\376\377\0003\000.\0002\000.\0002\000\040\121\163\225\056\123\321\163\260\377\032\000B\0001\000\040\166\204\143\137\131\061\116\072\121\154\137\017\165\037\142\020}{subsection.3.2}% 18
\BOOKMARK [3][-]{subsubsection.3.2.3}{\376\377\0003\000.\0002\000.\0003\000\040\177\072\131\061\145\207\116\366\166\204\124\014\156\220\221\315\136\372}{subsection.3.2}% 19
\BOOKMARK [2][-]{subsection.3.3}{\376\377\0003\000.\0003\000\040\145\160\143\156\117\177\165\050\217\271\165\114}{section.3}% 20
\BOOKMARK [1][-]{section.4}{\376\377\0004\000\040\173\046\123\367\213\364\146\016}{}% 21
\BOOKMARK [1][-]{section.5}{\376\377\0005\000\040\225\356\230\230\116\000\377\032\145\160\143\156\215\050\221\317\213\304\116\367\060\001\121\262\172\201\155\210\211\343\116\016\230\206\127\337\221\115\153\324\136\372\152\041}{}% 22
\BOOKMARK [2][-]{subsection.5.1}{\376\377\0005\000.\0001\000\040\215\050\221\317\143\007\150\007\166\204\230\204\131\004\164\006\116\016\150\007\221\317\123\026}{section.5}% 23
\BOOKMARK [2][-]{subsection.5.2}{\376\377\0005\000.\0002\000\040\145\271\124\021\176\337\116\000\116\016\172\063\120\145\137\122\116\000\123\026}{section.5}% 24
\BOOKMARK [2][-]{subsection.5.3}{\376\377\0005\000.\0003\000\040\122\006\134\102\176\374\124\010\215\050\221\317\213\304\122\006\152\041\127\213}{section.5}% 25
\BOOKMARK [3][-]{subsubsection.5.3.1}{\376\377\0005\000.\0003\000.\0001\000\040\213\355\116\111\122\006\176\304}{subsection.5.3}% 26
\BOOKMARK [3][-]{subsubsection.5.3.2}{\376\377\0005\000.\0003\000.\0002\000\040\176\304\121\205\136\163\127\107\116\016\176\304\225\364\121\340\117\125\136\163\127\107}{subsection.5.3}% 27
\BOOKMARK [2][-]{subsection.5.4}{\376\377\0005\000.\0004\000\040\215\050\221\317\121\262\172\201\166\204\133\232\116\111\060\001\142\020\126\340\116\016\155\210\211\343}{section.5}% 28
\BOOKMARK [3][-]{subsubsection.5.4.1}{\376\377\0005\000.\0004\000.\0001\000\040\121\262\172\201\166\204\145\160\133\146\133\232\116\111}{subsection.5.4}% 29
\BOOKMARK [3][-]{subsubsection.5.4.2}{\376\377\0005\000.\0004\000.\0002\000\040\121\262\172\201\166\204\142\020\126\340\122\126\147\220}{subsection.5.4}% 30
\BOOKMARK [3][-]{subsubsection.5.4.3}{\376\377\0005\000.\0004\000.\0003\000\040\155\210\211\343\211\304\122\031}{subsection.5.4}% 31
\BOOKMARK [2][-]{subsection.5.5}{\376\377\0005\000.\0005\000\040\215\050\221\317\213\304\122\006\176\323\147\234}{section.5}% 32
\BOOKMARK [3][-]{subsubsection.5.5.1}{\376\377\0005\000.\0005\000.\0001\000\040\127\337\176\247\215\050\221\317}{subsection.5.5}% 33
\BOOKMARK [3][-]{subsubsection.5.5.2}{\376\377\0005\000.\0005\000.\0002\000\040\200\132\124\010\145\271\137\017\116\016\145\117\141\037\140\047}{subsection.5.5}% 34
\BOOKMARK [3][-]{subsubsection.5.5.3}{\376\377\0005\000.\0005\000.\0003\000\040\142\151\134\125\226\306\217\301\171\373\150\300\232\214}{subsection.5.5}% 35
\BOOKMARK [2][-]{subsection.5.6}{\376\377\0005\000.\0006\000\040\230\206\127\337\221\115\153\324\136\372\152\041}{section.5}% 36
\BOOKMARK [3][-]{subsubsection.5.6.1}{\376\377\0005\000.\0006\000.\0001\000\040\152\041\127\213\137\142\137\017}{subsection.5.6}% 37
\BOOKMARK [3][-]{subsubsection.5.6.2}{\376\377\0005\000.\0006\000.\0002\000\040\116\214\153\041\230\171\166\204\116\367\120\074}{subsection.5.6}% 38
\BOOKMARK [3][-]{subsubsection.5.6.3}{\376\377\0005\000.\0006\000.\0003\000\040\220\011\145\271\124\016\140\224\120\074}{subsection.5.6}% 39
\BOOKMARK [3][-]{subsubsection.5.6.4}{\376\377\0005\000.\0006\000.\0004\000\040\116\244\116\222\230\171\166\204\172\063\133\232\140\047}{subsection.5.6}% 40
\BOOKMARK [2][-]{subsection.5.7}{\376\377\0005\000.\0007\000\040\146\057\124\046\137\025\121\145\215\050\221\317\213\304\122\006\000\040\000Q\377\032\116\000\116\052\221\315\211\201\166\204\213\306\122\053\225\356\230\230}{section.5}% 41
\BOOKMARK [3][-]{subsubsection.5.7.1}{\376\377\0005\000.\0007\000.\0001\000\040\133\214\121\150\121\161\176\277}{subsection.5.7}% 42
\BOOKMARK [3][-]{subsubsection.5.7.2}{\376\377\0005\000.\0007\000.\0002\000\040\133\236\213\301\150\300\232\214}{subsection.5.7}% 43
\BOOKMARK [3][-]{subsubsection.5.7.3}{\376\377\0005\000.\0007\000.\0003\000\040\176\323\213\272}{subsection.5.7}% 44
\BOOKMARK [2][-]{subsection.5.8}{\376\377\0005\000.\0008\000\040\215\350\117\123\174\373\127\337\146\040\134\004}{section.5}% 45
\BOOKMARK [1][-]{section.6}{\376\377\0006\000\040\225\356\230\230\116\214\377\032\215\350\176\364\136\246\145\160\143\156\207\215\124\010\116\016\136\177\116\111\150\007\136\246\137\213}{}% 46
\BOOKMARK [2][-]{subsection.6.1}{\376\377\0006\000.\0001\000\040\147\145\156\220\213\312\145\255\377\032\121\110\122\006\156\005\124\352\116\233\145\160\143\156\200\375\117\134\213\301\143\156}{section.6}% 47
\BOOKMARK [2][-]{subsection.6.2}{\376\377\0006\000.\0002\000\040\176\317\121\170\150\007\136\246\137\213\166\204\142\337\124\010}{section.6}% 48
\BOOKMARK [3][-]{subsubsection.6.2.1}{\376\377\0006\000.\0002\000.\0001\000\040\122\006\176\304\165\131\121\372\232\214\213\301}{subsection.6.2}% 49
\BOOKMARK [2][-]{subsection.6.3}{\376\377\0006\000.\0003\000\040\215\350\156\220\123\357\153\324\140\047\150\300\232\214}{section.6}% 50
\BOOKMARK [2][-]{subsection.6.4}{\376\377\0006\000.\0004\000\040\136\177\116\111\150\007\136\246\137\213}{section.6}% 51
\BOOKMARK [3][-]{subsubsection.6.4.1}{\376\377\0006\000.\0004\000.\0001\000\040\152\041\127\213\137\142\137\017}{subsection.6.4}% 52
\BOOKMARK [3][-]{subsubsection.6.4.2}{\376\377\0006\000.\0004\000.\0002\000\040\215\050\221\317\143\007\145\160\166\204\117\060\213\241}{subsection.6.4}% 53
\BOOKMARK [3][-]{subsubsection.6.4.3}{\376\377\0006\000.\0004\000.\0003\000\040\146\377\116\343\152\041\127\213\116\016\116\015\123\357\217\250\213\306\140\047}{subsection.6.4}% 54
\BOOKMARK [2][-]{subsection.6.5}{\376\377\0006\000.\0005\000\040\217\271\226\105\145\110\165\050\060\001\137\071\140\047\116\016\146\377\116\343\147\141\116\366}{section.6}% 55
\BOOKMARK [3][-]{subsubsection.6.5.1}{\376\377\0006\000.\0005\000.\0001\000\040\137\071\140\047}{subsection.6.5}% 56
\BOOKMARK [3][-]{subsubsection.6.5.2}{\376\377\0006\000.\0005\000.\0002\000\040\215\050\221\317\143\320\123\107\000\040\0000\000.\0001\000\040\166\204\173\111\145\110\211\304\152\041}{subsection.6.5}% 57
\BOOKMARK [3][-]{subsubsection.6.5.3}{\376\377\0006\000.\0005\000.\0003\000\040\230\206\127\337\146\377\116\343\116\016\116\222\210\145}{subsection.6.5}% 58
\BOOKMARK [2][-]{subsection.6.6}{\376\377\0006\000.\0006\000\040\232\214\213\301\116\016\220\002\165\050\203\003\126\364}{section.6}% 59
\BOOKMARK [1][-]{section.7}{\376\377\0007\000\040\225\356\230\230\116\011\377\032\173\227\122\233\176\246\147\137\116\013\166\204\131\032\176\364\215\104\156\220\200\124\124\010\117\030\123\026\116\016\176\323\147\204\140\047\217\154\171\373}{}% 60
\BOOKMARK [2][-]{subsection.7.1}{\376\377\0007\000.\0001\000\040\117\030\123\026\152\041\127\213}{section.7}% 61
\BOOKMARK [2][-]{subsection.7.2}{\376\377\0007\000.\0002\000\040\176\246\147\137\123\026\173\200\116\016\211\343\147\220\123\302\161\147}{section.7}% 62
\BOOKMARK [3][-]{subsubsection.7.2.1}{\376\377\0007\000.\0002\000.\0001\000\040\155\210\123\273\000\040\000D}{subsection.7.2}% 63
\BOOKMARK [3][-]{subsubsection.7.2.2}{\376\377\0007\000.\0002\000.\0002\000\040\126\372\133\232\000\040\000Q\000\040\145\366\166\204\211\343\147\220\123\302\161\147}{subsection.7.2}% 64
\BOOKMARK [2][-]{subsection.7.3}{\376\377\0007\000.\0003\000\040\154\102\211\343\145\271\154\325}{section.7}% 65
\BOOKMARK [3][-]{subsubsection.7.3.1}{\376\377\0007\000.\0003\000.\0001\000\040\116\072\116\300\116\110\116\015\165\050\136\070\211\304\116\214\176\364\117\030\123\026}{subsection.7.3}% 66
\BOOKMARK [3][-]{subsubsection.7.3.2}{\376\377\0007\000.\0003\000.\0002\000\040\126\372\133\232\221\115\153\324\166\204\164\006\165\061}{subsection.7.3}% 67
\BOOKMARK [2][-]{subsection.7.4}{\376\377\0007\000.\0004\000\040\117\030\123\026\176\323\147\234}{section.7}% 68
\BOOKMARK [3][-]{subsubsection.7.4.1}{\376\377\0007\000.\0004\000.\0001\000\040\116\011\150\143\230\204\173\227\116\016\116\011\174\173\142\020\147\054}{subsection.7.4}% 69
\BOOKMARK [3][-]{subsubsection.7.4.2}{\376\377\0007\000.\0004\000.\0002\000\040\116\011\116\052\123\321\163\260}{subsection.7.4}% 70
\BOOKMARK [3][-]{subsubsection.7.4.3}{\376\377\0007\000.\0004\000.\0003\000\040\176\323\147\204\140\047\217\154\171\373\166\204\213\306\122\053}{subsection.7.4}% 71
\BOOKMARK [3][-]{subsubsection.7.4.4}{\376\377\0007\000.\0004\000.\0004\000\040\217\271\165\114\211\343\166\204\211\343\221\312}{subsection.7.4}% 72
\BOOKMARK [2][-]{subsection.7.5}{\376\377\0007\000.\0005\000\040\176\246\147\137\150\070\232\214\116\016\211\343\166\204\217\250\213\306\140\047}{section.7}% 73
\BOOKMARK [3][-]{subsubsection.7.5.1}{\376\377\0007\000.\0005\000.\0001\000\040\176\246\147\137\116\016\116\000\226\066\147\141\116\366}{subsection.7.5}% 74
\BOOKMARK [3][-]{subsubsection.7.5.2}{\376\377\0007\000.\0005\000.\0002\000\040\147\000\117\030\211\304\152\041\166\204\217\250\213\306\137\210\137\061}{subsection.7.5}% 75
\BOOKMARK [2][-]{subsection.7.6}{\376\377\0007\000.\0006\000\040\145\117\141\037\140\047\122\006\147\220}{section.7}% 76
\BOOKMARK [1][-]{section.8}{\376\377\0008\000\040\225\356\230\230\126\333\377\032\142\200\147\057\157\024\217\333\122\006\147\220\116\016\122\115\154\277\230\204\155\113}{}% 77
\BOOKMARK [2][-]{subsection.8.1}{\376\377\0008\000.\0001\000\040\123\343\137\204\176\337\116\000}{section.8}% 78
\BOOKMARK [2][-]{subsection.8.2}{\376\377\0008\000.\0002\000\040\000C\0004\000\040\121\103\145\160\143\156\123\071\221\115}{section.8}% 79
\BOOKMARK [2][-]{subsection.8.3}{\376\377\0008\000.\0003\000\040\000L\000o\000s\000s\040\023\000B\000e\000n\000c\000h\000m\000a\000r\000k\000\040\150\145\143\245}{section.8}% 80
\BOOKMARK [2][-]{subsection.8.4}{\376\377\0008\000.\0004\000\040\200\375\122\233\152\041\127\213\116\016\215\041\163\056\122\006\211\343}{section.8}% 81
\BOOKMARK [3][-]{subsubsection.8.4.1}{\376\377\0008\000.\0004\000.\0001\000\040\152\041\127\213\153\324\217\203}{subsection.8.4}% 82
\BOOKMARK [3][-]{subsubsection.8.4.2}{\376\377\0008\000.\0004\000.\0002\000\040\215\041\163\056\122\006\211\343}{subsection.8.4}% 83
\BOOKMARK [2][-]{subsection.8.5}{\376\377\0008\000.\0005\000\040\122\115\154\277\230\204\155\113}{section.8}% 84
\BOOKMARK [3][-]{subsubsection.8.5.1}{\376\377\0008\000.\0005\000.\0001\000\040\173\227\122\233\130\236\225\177\163\207}{subsection.8.5}% 85
\BOOKMARK [3][-]{subsubsection.8.5.2}{\376\377\0008\000.\0005\000.\0002\000\040\147\000\117\030\215\357\137\204\116\012\166\204\200\375\122\233\130\236\225\177}{subsection.8.5}% 86
\BOOKMARK [3][-]{subsubsection.8.5.3}{\376\377\0008\000.\0005\000.\0003\000\040\231\161\124\214\213\146\171\072\116\016\131\026\143\250\217\271\165\114}{subsection.8.5}% 87
\BOOKMARK [3][-]{subsubsection.8.5.4}{\376\377\0008\000.\0005\000.\0004\000\040\126\336\155\113}{subsection.8.5}% 88
\BOOKMARK [1][-]{section.9}{\376\377\0009\000\040\213\357\135\356\122\006\147\220\060\001\152\041\127\213\150\300\232\214\116\016\160\165\145\117\136\246}{}% 89
\BOOKMARK [2][-]{subsection.9.1}{\376\377\0009\000.\0001\000\040\145\160\120\074\153\143\170\156\140\047\150\070\232\214}{section.9}% 90
\BOOKMARK [2][-]{subsection.9.2}{\376\377\0009\000.\0002\000\040\213\357\135\356\147\145\156\220\122\006\211\343}{section.9}% 91
\BOOKMARK [2][-]{subsection.9.3}{\376\377\0009\000.\0003\000\040\121\163\225\056\120\107\213\276\166\204\172\063\120\145\140\047}{section.9}% 92
\BOOKMARK [2][-]{subsection.9.4}{\376\377\0009\000.\0004\000\040\116\016\127\372\176\277\152\041\127\213\166\204\133\371\161\147}{section.9}% 93
\BOOKMARK [1][-]{section.10}{\376\377\0001\0000\000\040\152\041\127\213\213\304\116\367\116\016\143\250\136\177}{}% 94
\BOOKMARK [2][-]{subsection.10.1}{\376\377\0001\0000\000.\0001\000\040\152\041\127\213\117\030\160\271}{section.10}% 95
\BOOKMARK [2][-]{subsection.10.2}{\376\377\0001\0000\000.\0002\000\040\152\041\127\213\177\072\160\271\116\016\134\100\226\120}{section.10}% 96
\BOOKMARK [2][-]{subsection.10.3}{\376\377\0001\0000\000.\0003\000\040\145\071\217\333\145\271\124\021}{section.10}% 97
\BOOKMARK [2][-]{subsection.10.4}{\376\377\0001\0000\000.\0004\000\040\143\250\136\177\136\224\165\050}{section.10}% 98
\BOOKMARK [2][-]{subsection.10.5}{\376\377\0001\0000\000.\0005\000\040\000A\000I\000\040\117\177\165\050\142\253\227\062}{section.10}% 99
\BOOKMARK [1][-]{section*.46}{\376\377\123\302\200\003\145\207\163\056}{}% 100
\BOOKMARK [1][-]{appendix.1.A}{\376\377\226\104\137\125\000\040\000A\000\040\172\013\136\217\213\364\146\016\116\016\150\070\137\303\116\343\170\001}{}% 101
\BOOKMARK [2][-]{subsection.1.A.1}{\376\377\000A\000.\0001\000\040\217\320\210\114\163\257\130\203\116\016\131\015\163\260\145\271\137\017}{appendix.1.A}% 102
\BOOKMARK [2][-]{subsection.1.A.2}{\376\377\000A\000.\0002\000\040\150\070\137\303\116\343\170\001}{appendix.1.A}% 103
